
> frontend@0.1.0 build
> next build

   Γû▓ Next.js 14.0.4
   - Environments: .env.production

   Creating an optimized production build ...
node.exe :  ΓÜá Compiled 
with warnings
At line:1 char:1
+ & "C:\Program 
Files\nodejs/node.exe" 
"C:\Program 
Files\nodejs/node_mo ...
+ ~~~~~~~~~~~~~~~~~~~~~~~~~~
~~~~~~~~~~~~~~~~~~~~~~~~~~~~
~~~~~~~~~~~~~~~
    + CategoryInfo          
    : NotSpecified: ( ΓÜá   
  Compiled with warnings:   
 String) [], RemoteExcep    
tion
    + FullyQualifiedErrorId 
    : NativeCommandError
 

./node_modules/@vladmandic/f
ace-api/dist/face-api.esm.js
Critical dependency: 
require function is used in 
a way in which dependencies 
cannot be statically 
extracted

Import trace for requested 
module:
./node_modules/@vladmandic/f
ace-api/dist/face-api.esm.js
./src/app/ems/student/profil
e/register-face/page.tsx

./node_modules/face-api.js/b
uild/es6/env/createFileSyste
m.js
Module not found: Can't 
resolve 'fs' in 'D:\ERP\Clow
n\foundation_durkkas\fronten
d\node_modules\face-api.js\b
uild\es6\env'

Import trace for requested 
module:
./node_modules/face-api.js/b
uild/es6/env/createFileSyste
m.js
./node_modules/face-api.js/b
uild/es6/env/index.js
./node_modules/face-api.js/b
uild/es6/index.js
./src/app/ems/student/punch-
attendance/page.tsx

./node_modules/@vladmandic/f
ace-api/dist/face-api.esm.js
Critical dependency: 
require function is used in 
a way in which dependencies 
cannot be statically 
extracted

Import trace for requested 
module:
./node_modules/@vladmandic/f
ace-api/dist/face-api.esm.js
./src/app/ems/student/profil
e/register-face/page.tsx

./node_modules/node-fetch/li
b/index.es.js
Module not found: Can't 
resolve 'encoding' in 'D:\ER
P\Clown\foundation_durkkas\f
rontend\node_modules\node-fe
tch\lib'

Import trace for requested 
module:
./node_modules/node-fetch/li
b/index.es.js
./node_modules/@tensorflow/t
fjs-core/dist/tf-core.esm.js
./node_modules/face-api.js/b
uild/es6/index.js
./src/app/ems/student/punch-
attendance/page.tsx

   Skipping validation of types
   Skipping linting
   Collecting page data ...
   Generating static pages (0/130) ...
 ΓÜá Entire page 
/platform/core/countries 
deopted into client-side 
rendering. https://nextjs.or
g/docs/messages/deopted-into
-client-rendering 
/platform/core/countries
 ΓÜá Entire page 
/platform/core/cities 
deopted into client-side 
rendering. https://nextjs.or
g/docs/messages/deopted-into
-client-rendering 
/platform/core/cities
 ΓÜá Entire page 
/platform/auth/audit-logs 
deopted into client-side 
rendering. https://nextjs.or
g/docs/messages/deopted-into
-client-rendering 
/platform/auth/audit-logs
 ΓÜá Entire page 
/platform/limits deopted 
into client-side rendering. 
https://nextjs.org/docs/mess
ages/deopted-into-client-ren
dering /platform/limits
 ΓÜá Entire page 
/platform/branding deopted 
into client-side rendering. 
https://nextjs.org/docs/mess
ages/deopted-into-client-ren
dering /platform/branding
 ΓÜá Entire page 
/platform/core/designations 
deopted into client-side 
rendering. https://nextjs.or
g/docs/messages/deopted-into
-client-rendering 
/platform/core/designations
 ΓÜá Entire page 
/platform/core/employees 
deopted into client-side 
rendering. https://nextjs.or
g/docs/messages/deopted-into
-client-rendering 
/platform/core/employees
 ΓÜá Entire page 
/platform/modules deopted 
into client-side rendering. 
https://nextjs.org/docs/mess
ages/deopted-into-client-ren
dering /platform/modules
 ΓÜá Entire page 
/platform/core/departments 
deopted into client-side 
rendering. https://nextjs.or
g/docs/messages/deopted-into
-client-rendering 
/platform/core/departments
 ΓÜá Entire page 
/platform/core/companies 
deopted into client-side 
rendering. https://nextjs.or
g/docs/messages/deopted-into
-client-rendering 
/platform/core/companies
 ΓÜá Entire page 
/platform/core/locations 
deopted into client-side 
rendering. https://nextjs.or
g/docs/messages/deopted-into
-client-rendering 
/platform/core/locations
 ΓÜá Entire page 
/platform/core/states 
deopted into client-side 
rendering. https://nextjs.or
g/docs/messages/deopted-into
-client-rendering 
/platform/core/states
 ΓÜá Entire page /platform/c
ore/global-settings deopted 
into client-side rendering. 
https://nextjs.org/docs/mess
ages/deopted-into-client-ren
dering /platform/core/global
-settings
 ΓÜá Entire page 
/platform/reports deopted 
into client-side rendering. 
https://nextjs.org/docs/mess
ages/deopted-into-client-ren
dering /platform/reports
 ΓÜá Entire page 
/platform/core/branches 
deopted into client-side 
rendering. https://nextjs.or
g/docs/messages/deopted-into
-client-rendering 
/platform/core/branches
 ΓÜá Entire page /platform/r
eports/attendance deopted 
into client-side rendering. 
https://nextjs.org/docs/mess
ages/deopted-into-client-ren
dering 
/platform/reports/attendance
 ΓÜá Entire page 
/platform/reports/leaves 
deopted into client-side 
rendering. https://nextjs.or
g/docs/messages/deopted-into
-client-rendering 
/platform/reports/leaves
 ΓÜá Entire page 
/platform/notifications 
deopted into client-side 
rendering. https://nextjs.or
g/docs/messages/deopted-into
-client-rendering 
/platform/notifications
 ΓÜá Entire page 
/platform/dashboard deopted 
into client-side rendering. 
https://nextjs.org/docs/mess
ages/deopted-into-client-ren
dering /platform/dashboard
 ΓÜá Entire page /platform/c
ore/academic-years deopted 
into client-side rendering. 
https://nextjs.org/docs/mess
ages/deopted-into-client-ren
dering /platform/core/academ
ic-years
 ΓÜá Entire page /platform/c
ore/companies/create-with-ad
min deopted into 
client-side rendering. https
://nextjs.org/docs/messages/
deopted-into-client-renderin
g /platform/core/companies/c
reate-with-admin
 ΓÜá Entire page 
/platform/profile deopted 
into client-side rendering. 
https://nextjs.org/docs/mess
ages/deopted-into-client-ren
dering /platform/profile
 ΓÜá Entire page 
/platform/roles deopted 
into client-side rendering. 
https://nextjs.org/docs/mess
ages/deopted-into-client-ren
dering /platform/roles
 ΓÜá Entire page 
/platform/test-audit 
deopted into client-side 
rendering. https://nextjs.or
g/docs/messages/deopted-into
-client-rendering 
/platform/test-audit
 ΓÜá Entire page 
/platform/users/create 
deopted into client-side 
rendering. https://nextjs.or
g/docs/messages/deopted-into
-client-rendering 
/platform/users/create
 ΓÜá Entire page 
/workspace/profile deopted 
into client-side rendering. 
https://nextjs.org/docs/mess
ages/deopted-into-client-ren
dering /workspace/profile
 ΓÜá Entire page /workspace/
settings/menu-access 
deopted into client-side 
rendering. https://nextjs.or
g/docs/messages/deopted-into
-client-rendering /workspace
/settings/menu-access
 ΓÜá Entire page 
/workspace/branches deopted 
into client-side rendering. 
https://nextjs.org/docs/mess
ages/deopted-into-client-ren
dering /workspace/branches
 ΓÜá Entire page 
/workspace/notifications 
deopted into client-side 
rendering. https://nextjs.or
g/docs/messages/deopted-into
-client-rendering 
/workspace/notifications
 ΓÜá Entire page 
/platform/settings deopted 
into client-side rendering. 
https://nextjs.org/docs/mess
ages/deopted-into-client-ren
dering /platform/settings
 ΓÜá Entire page 
/workspace/settings deopted 
into client-side rendering. 
https://nextjs.org/docs/mess
ages/deopted-into-client-ren
dering /workspace/settings
 ΓÜá Entire page 
/platform/users deopted 
into client-side rendering. 
https://nextjs.org/docs/mess
ages/deopted-into-client-ren
dering /platform/users
 ΓÜá Entire page 
/workspace/access deopted 
into client-side rendering. 
https://nextjs.org/docs/mess
ages/deopted-into-client-ren
dering /workspace/access
 ΓÜá Entire page 
/platform/subscriptions 
deopted into client-side 
rendering. https://nextjs.or
g/docs/messages/deopted-into
-client-rendering 
/platform/subscriptions
 ΓÜá Entire page 
/workspace/branches/new 
deopted into client-side 
rendering. https://nextjs.or
g/docs/messages/deopted-into
-client-rendering 
/workspace/branches/new
 ΓÜá Entire page 
/workspace/subscription 
deopted into client-side 
rendering. https://nextjs.or
g/docs/messages/deopted-into
-client-rendering 
/workspace/subscription
 ΓÜá Entire page 
/workspace/dashboard 
deopted into client-side 
rendering. https://nextjs.or
g/docs/messages/deopted-into
-client-rendering 
/workspace/dashboard

   Generating static pages (32/130) 
 ΓÜá Entire page 
/crm/platform/internship 
deopted into client-side 
rendering. https://nextjs.or
g/docs/messages/deopted-into
-client-rendering 
/crm/platform/internship
 ΓÜá Entire page /crm/platfo
rm/career-guidance deopted 
into client-side rendering. 
https://nextjs.org/docs/mess
ages/deopted-into-client-ren
dering /crm/platform/career-
guidance
 ΓÜá Entire page 
/crm/platform/job-seeker 
deopted into client-side 
rendering. https://nextjs.or
g/docs/messages/deopted-into
-client-rendering 
/crm/platform/job-seeker
 ΓÜá Entire page 
/crm/platform deopted into 
client-side rendering. https
://nextjs.org/docs/messages/
deopted-into-client-renderin
g /crm/platform
 ΓÜá Entire page 
/crm/workspace deopted into 
client-side rendering. https
://nextjs.org/docs/messages/
deopted-into-client-renderin
g /crm/workspace
 ΓÜá Entire page /crm/platfo
rm/course-enquiry deopted 
into client-side rendering. 
https://nextjs.org/docs/mess
ages/deopted-into-client-ren
dering 
/crm/platform/course-enquiry
 ΓÜá Entire page 
/crm/platform/vendor 
deopted into client-side 
rendering. https://nextjs.or
g/docs/messages/deopted-into
-client-rendering 
/crm/platform/vendor
 ΓÜá Entire page 
/crm/platform/partners 
deopted into client-side 
rendering. https://nextjs.or
g/docs/messages/deopted-into
-client-rendering 
/crm/platform/partners
 ΓÜá Entire page 
/workspace/reports deopted 
into client-side rendering. 
https://nextjs.org/docs/mess
ages/deopted-into-client-ren
dering /workspace/reports
 ΓÜá Entire page /ems/academ
ic-manager/quizzes/builder 
deopted into client-side 
rendering. https://nextjs.or
g/docs/messages/deopted-into
-client-rendering /ems/acade
mic-manager/quizzes/builder
 ΓÜá Entire page /ems/academ
ic-manager/quizzes/view 
deopted into client-side 
rendering. https://nextjs.or
g/docs/messages/deopted-into
-client-rendering /ems/acade
mic-manager/quizzes/view

   Generating static pages (64/130) 
 ΓÜá Entire page 
/platform/admins deopted 
into client-side rendering. 
https://nextjs.org/docs/mess
ages/deopted-into-client-ren
dering /platform/admins
 ΓÜá Entire page 
/ems/tutor/quizzes/builder 
deopted into client-side 
rendering. https://nextjs.or
g/docs/messages/deopted-into
-client-rendering 
/ems/tutor/quizzes/builder
 ΓÜá Entire page 
/hrms/employee/leaves 
deopted into client-side 
rendering. https://nextjs.or
g/docs/messages/deopted-into
-client-rendering 
/hrms/employee/leaves
 ΓÜá Entire page 
/hrms/employee/attendance 
deopted into client-side 
rendering. https://nextjs.or
g/docs/messages/deopted-into
-client-rendering 
/hrms/employee/attendance
 ΓÜá Entire page 
/ems/tutor/quizzes/view 
deopted into client-side 
rendering. https://nextjs.or
g/docs/messages/deopted-into
-client-rendering 
/ems/tutor/quizzes/view
 ΓÜá Entire page 
/finance/workspace deopted 
into client-side rendering. 
https://nextjs.org/docs/mess
ages/deopted-into-client-ren
dering /finance/workspace
 ΓÜá Entire page 
/hrms/employee/dashboard 
deopted into client-side 
rendering. https://nextjs.or
g/docs/messages/deopted-into
-client-rendering 
/hrms/employee/dashboard

   Generating static pages (97/130) 
 ΓÜá Entire page /hrms/emplo
yee/notifications deopted 
into client-side rendering. 
https://nextjs.org/docs/mess
ages/deopted-into-client-ren
dering 
/hrms/employee/notifications
 ΓÜá Entire page 
/hrms/workspace deopted 
into client-side rendering. 
https://nextjs.org/docs/mess
ages/deopted-into-client-ren
dering /hrms/workspace
 ΓÜá Entire page 
/hrms/workspace/attendance 
deopted into client-side 
rendering. https://nextjs.or
g/docs/messages/deopted-into
-client-rendering 
/hrms/workspace/attendance
 ΓÜá Entire page 
/hrms/workspace/leaves 
deopted into client-side 
rendering. https://nextjs.or
g/docs/messages/deopted-into
-client-rendering 
/hrms/workspace/leaves
 ΓÜá Entire page 
/hrms/employee/profile 
deopted into client-side 
rendering. https://nextjs.or
g/docs/messages/deopted-into
-client-rendering 
/hrms/employee/profile
 ΓÜá Entire page 
/platform/auth/deleted-logs 
deopted into client-side 
rendering. https://nextjs.or
g/docs/messages/deopted-into
-client-rendering 
/platform/auth/deleted-logs
 ΓÜá Entire page /platform/a
uth/menu-registry deopted 
into client-side rendering. 
https://nextjs.org/docs/mess
ages/deopted-into-client-ren
dering 
/platform/auth/menu-registry
 ΓÜá Entire page 
/platform/auth/roles 
deopted into client-side 
rendering. https://nextjs.or
g/docs/messages/deopted-into
-client-rendering 
/platform/auth/roles
 ΓÜá Entire page 
/platform/audit-logs 
deopted into client-side 
rendering. https://nextjs.or
g/docs/messages/deopted-into
-client-rendering 
/platform/audit-logs
 ΓÜá Entire page 
/hrms/workspace/employees 
deopted into client-side 
rendering. https://nextjs.or
g/docs/messages/deopted-into
-client-rendering 
/hrms/workspace/employees
 ΓÜá Entire page /hrms/works
pace/employees/new deopted 
into client-side rendering. 
https://nextjs.org/docs/mess
ages/deopted-into-client-ren
dering /hrms/workspace/emplo
yees/new
 ΓÜá Entire page /platform/a
uth/role-permissions 
deopted into client-side 
rendering. https://nextjs.or
g/docs/messages/deopted-into
-client-rendering /platform/
auth/role-permissions
 ΓÜá Entire page /platform/a
uth/login-history deopted 
into client-side rendering. 
https://nextjs.org/docs/mess
ages/deopted-into-client-ren
dering 
/platform/auth/login-history
 ΓÜá Entire page 
/platform/auth/user-roles 
deopted into client-side 
rendering. https://nextjs.or
g/docs/messages/deopted-into
-client-rendering 
/platform/auth/user-roles
 ΓÜá Entire page /platform/a
uth/menu-permissions 
deopted into client-side 
rendering. https://nextjs.or
g/docs/messages/deopted-into
-client-rendering /platform/
auth/menu-permissions
 ΓÜá Entire page 
/platform/auth/permissions 
deopted into client-side 
rendering. https://nextjs.or
g/docs/messages/deopted-into
-client-rendering 
/platform/auth/permissions
 ΓÜá Entire page 
/platform/auth/users 
deopted into client-side 
rendering. https://nextjs.or
g/docs/messages/deopted-into
-client-rendering 
/platform/auth/users

 Γ£ô Generating static pages (130/130) 
   Finalizing page optimization ...
   Collecting build traces ...

Route (app)                                           Size     First Load JS
Γöî Γùï /                                                 169 B          82.6 kB
Γö£ Γùï /_not-found                                       875 B          83.3 kB
Γö£ Γùï /crm/platform                                     2.85 kB        97.3 kB
Γö£ Γùï /crm/platform/career-guidance                     9.2 kB          119 kB
Γö£ Γùï /crm/platform/course-enquiry                      5.65 kB         115 kB
Γö£ Γùï /crm/platform/internship                          5.39 kB         110 kB
Γö£ Γùï /crm/platform/job-seeker                          5.39 kB         110 kB
Γö£ Γùï /crm/platform/partners                            5.03 kB         115 kB
Γö£ Γùï /crm/platform/vendor                              5.35 kB         110 kB
Γö£ Γùï /crm/workspace                                    10.2 kB         160 kB
Γö£ Γùï /ems/academic-manager/analytics                   5.01 kB         178 kB
Γö£ Γùï /ems/academic-manager/announcements               4.91 kB         177 kB
Γö£ Γùï /ems/academic-manager/approvals                   7.84 kB         202 kB
Γö£ Γùï /ems/academic-manager/assignments                 7.37 kB         189 kB
Γö£ ╬╗ /ems/academic-manager/assignments/[id]            6.82 kB         204 kB
Γö£ Γùï /ems/academic-manager/attendance                  7.25 kB         189 kB
Γö£ ╬╗ /ems/academic-manager/attendance/[sessionId]      7 kB            189 kB
Γö£ Γùï /ems/academic-manager/batches                     9.24 kB         182 kB
Γö£ Γùï /ems/academic-manager/certificates                5.94 kB         179 kB
Γö£ Γùï /ems/academic-manager/courses                     11.4 kB         199 kB
Γö£ ╬╗ /ems/academic-manager/courses/[id]                9.3 kB          204 kB
Γö£ Γùï /ems/academic-manager/dashboard                   11.9 kB         224 kB
Γö£ Γùï /ems/academic-manager/live-classes                8.85 kB         194 kB
Γö£ Γùï /ems/academic-manager/materials                   10 kB           192 kB
Γö£ Γùï /ems/academic-manager/progress                    4.42 kB         177 kB
Γö£ Γùï /ems/academic-manager/quizzes                     7.88 kB         190 kB
Γö£ ╬╗ /ems/academic-manager/quizzes/[id]/results        4.83 kB         190 kB
Γö£ Γùï /ems/academic-manager/quizzes/builder             6.17 kB         188 kB
Γö£ Γùï /ems/academic-manager/quizzes/view                4.85 kB         177 kB
Γö£ Γùï /ems/academic-manager/settings                    5.17 kB         178 kB
Γö£ Γùï /ems/academic-manager/students                    7.8 kB          190 kB
Γö£ Γùï /ems/academic-manager/timetable                   3.38 kB         176 kB
Γö£ Γùï /ems/academic-manager/tutors                      5.71 kB         178 kB
Γö£ ╬╗ /ems/academic-manager/tutors/[id]/assign-courses  2.85 kB         191 kB
Γö£ Γùï /ems/student                                      755 B          83.2 kB
Γö£ Γùï /ems/student/assessments                          2.51 kB         187 kB
Γö£ ╬╗ /ems/student/assessments/[id]                     3.85 kB         189 kB
Γö£ Γùï /ems/student/assignments                          3.3 kB          188 kB
Γö£ ╬╗ /ems/student/assignments/[id]                     3.18 kB         188 kB
Γö£ Γùï /ems/student/attendance                           5.46 kB         199 kB
Γö£ Γùï /ems/student/courses                              2.29 kB         178 kB
Γö£ ╬╗ /ems/student/courses/[id]                         3.54 kB         188 kB
Γö£ Γùï /ems/student/dashboard                            5.55 kB         199 kB
Γö£ Γùï /ems/student/doubts                               2.35 kB         187 kB
Γö£ Γùï /ems/student/live-classes                         5.82 kB         162 kB
Γö£ Γùï /ems/student/login                                7.74 kB         166 kB
Γö£ Γùï /ems/student/materials                            8.34 kB         193 kB
Γö£ Γùï /ems/student/notifications                        1.73 kB         177 kB
Γö£ Γùï /ems/student/profile                              3.2 kB          188 kB
Γö£ Γùï /ems/student/profile/register-face                3.26 kB         188 kB
Γö£ Γùï /ems/student/progress                             2.38 kB         178 kB
Γö£ Γùï /ems/student/punch-attendance                     160 kB          344 kB
Γö£ Γùï /ems/tutor/analytics                              1.93 kB         178 kB
Γö£ Γùï /ems/tutor/assignments                            2.89 kB         188 kB
Γö£ ╬╗ /ems/tutor/assignments/[id]                       3.48 kB         192 kB
Γö£ Γùï /ems/tutor/assignments/create                     4.32 kB         216 kB
Γö£ Γùï /ems/tutor/attendance                             6.56 kB         165 kB
Γö£ Γùï /ems/tutor/batches                                2.74 kB         178 kB
Γö£ Γùï /ems/tutor/batches/create                         6.67 kB         192 kB
Γö£ Γùï /ems/tutor/courses                                3 kB            188 kB
Γö£ ╬╗ /ems/tutor/courses/[id]                           6.54 kB         221 kB
Γö£ Γùï /ems/tutor/dashboard                              5.32 kB         190 kB
Γö£ Γùï /ems/tutor/doubts                                 169 B          82.6 kB
Γö£ Γùï /ems/tutor/grading                                2.44 kB         187 kB
Γö£ Γùï /ems/tutor/live-classes                           2.92 kB         191 kB
Γö£ ╬╗ /ems/tutor/live-classes/[id]/attendance           4.81 kB         166 kB
Γö£ Γùï /ems/tutor/live-classes/create                    7.33 kB         192 kB
Γö£ Γùï /ems/tutor/materials                              4.88 kB         190 kB
Γö£ Γùï /ems/tutor/notifications                          169 B          82.6 kB
Γö£ Γùï /ems/tutor/profile                                169 B          82.6 kB
Γö£ Γùï /ems/tutor/quizzes                                5.92 kB         191 kB
Γö£ ╬╗ /ems/tutor/quizzes/[id]/results                   2.9 kB          191 kB
Γö£ Γùï /ems/tutor/quizzes/builder                        4.09 kB         180 kB
Γö£ Γùï /ems/tutor/quizzes/view                           3.31 kB         179 kB
Γö£ Γùï /ems/tutor/sessions                               170 B          82.6 kB
Γö£ Γùï /ems/tutor/students                               2.47 kB         187 kB
Γö£ Γùï /finance/workspace                                1.96 kB         147 kB
Γö£ Γùï /forgot-password                                  4.11 kB         128 kB
Γö£ Γùï /hrms/employee/attendance                         169 B          82.6 kB
Γö£ Γùï /hrms/employee/dashboard                          5.04 kB        94.3 kB
Γö£ Γùï /hrms/employee/leaves                             170 B          82.6 kB
Γö£ Γùï /hrms/employee/notifications                      170 B          82.6 kB
Γö£ Γùï /hrms/employee/profile                            170 B          82.6 kB
Γö£ Γùï /hrms/workspace                                   1.88 kB         147 kB
Γö£ Γùï /hrms/workspace/attendance                        1.99 kB         147 kB
Γö£ Γùï /hrms/workspace/employees                         3.63 kB         148 kB
Γö£ ╬╗ /hrms/workspace/employees/[id]                    4.51 kB         149 kB
Γö£ Γùï /hrms/workspace/employees/new                     6.07 kB         151 kB
Γö£ Γùï /hrms/workspace/leaves                            2.06 kB         147 kB
Γö£ Γùï /login                                            7.03 kB         131 kB
Γö£ Γùï /platform/admin/fix-enterprise                    3.6 kB          118 kB
Γö£ Γùï /platform/admins                                  5.61 kB         150 kB
Γö£ Γùï /platform/audit-logs                              5.34 kB         150 kB
Γö£ Γùï /platform/auth/audit-logs                         2.4 kB          147 kB
Γö£ Γùï /platform/auth/deleted-logs                       3.98 kB         149 kB
Γö£ Γùï /platform/auth/login-history                      2.56 kB         147 kB
Γö£ Γùï /platform/auth/menu-permissions                   3.97 kB         149 kB
Γö£ Γùï /platform/auth/menu-registry                      4.28 kB         149 kB
Γö£ Γùï /platform/auth/permissions                        4.23 kB         149 kB
Γö£ Γùï /platform/auth/role-permissions                   4.12 kB         149 kB
Γö£ Γùï /platform/auth/roles                              4.26 kB         149 kB
Γö£ Γùï /platform/auth/user-roles                         4.49 kB         149 kB
Γö£ Γùï /platform/auth/users                              4.51 kB         149 kB
Γö£ Γùï /platform/branding                                4.48 kB         149 kB
Γö£ Γùï /platform/core/academic-years                     4.16 kB         149 kB
Γö£ Γùï /platform/core/branches                           3.13 kB         148 kB
Γö£ Γùï /platform/core/cities                             4.08 kB         149 kB
Γö£ Γùï /platform/core/companies                          4.56 kB         149 kB
Γö£ ╬╗ /platform/core/companies/[id]                     6.01 kB         151 kB
Γö£ Γùï /platform/core/companies/create-with-admin        8.65 kB         156 kB
Γö£ Γùï /platform/core/countries                          4.65 kB         149 kB
Γö£ Γùï /platform/core/departments                        4.31 kB         149 kB
Γö£ Γùï /platform/core/designations                       4.29 kB         149 kB
Γö£ Γùï /platform/core/employees                          6.91 kB         152 kB
Γö£ Γùï /platform/core/global-settings                    3.01 kB         148 kB
Γö£ Γùï /platform/core/locations                          4.84 kB         150 kB
Γö£ Γùï /platform/core/states                             4.11 kB         149 kB
Γö£ Γùï /platform/dashboard                               6.34 kB         151 kB
Γö£ Γùï /platform/limits                                  2.05 kB         147 kB
Γö£ ╬╗ /platform/live-room/[meetingId]                   6.72 kB         143 kB
Γö£ Γùï /platform/modules                                 3.37 kB         148 kB
Γö£ Γùï /platform/notifications                           281 B           151 kB
Γö£ Γùï /platform/profile                                 6.66 kB         151 kB
Γö£ Γùï /platform/reports                                 1.94 kB         147 kB
Γö£ Γùï /platform/reports/attendance                      2.11 kB         147 kB
Γö£ Γùï /platform/reports/leaves                          2.11 kB         147 kB
Γö£ Γùï /platform/roles                                   2.93 kB         148 kB
Γö£ Γùï /platform/settings                                8.14 kB         156 kB
Γö£ Γùï /platform/subscriptions                           5.37 kB         153 kB
Γö£ Γùï /platform/test-audit                              3.06 kB         148 kB
Γö£ Γùï /platform/users                                   6.29 kB         151 kB
Γö£ Γùï /platform/users/create                            4.2 kB          128 kB
Γö£ Γùï /workspace/access                                 4.98 kB         150 kB
Γö£ Γùï /workspace/branches                               2.81 kB         147 kB
Γö£ ╬╗ /workspace/branches/[id]                          6.55 kB         151 kB
Γö£ Γùï /workspace/branches/new                           7.18 kB         152 kB
Γö£ Γùï /workspace/dashboard                              8.25 kB         153 kB
Γö£ Γùï /workspace/notifications                          281 B           151 kB
Γö£ Γùï /workspace/profile                                2.39 kB         147 kB
Γö£ Γùï /workspace/reports                                241 kB          386 kB
Γö£ Γùï /workspace/settings                               11 kB           156 kB
Γö£ Γùï /workspace/settings/menu-access                   2.2 kB          147 kB
Γöö Γùï /workspace/subscription                           6.48 kB         151 kB
+ First Load JS shared by all                         82.4 kB
  Γö£ chunks/4938-802571232f5eab24.js                   26.8 kB
  Γö£ chunks/fd9d1056-50bebd9abe5f2c0e.js               53.3 kB
  Γö£ chunks/main-app-4c6abf988e5123e7.js               227 B
  Γöö chunks/webpack-6ce65cc63fddaa7d.js                2.1 kB


Γùï  (Static)   prerendered as static content
╬╗  (Dynamic)  server-rendered on demand using Node.js

