node_modules/next/dist/client/link.d.ts(2,8): error TS1259: Module '"D:/ERP/Clown/foundation_durkkas/frontend/node_modules/@types/react/index"' can only be default-imported using the 'esModuleInterop' flag
node_modules/sonner/dist/index.d.ts(1,8): error TS1259: Module '"D:/ERP/Clown/foundation_durkkas/frontend/node_modules/@types/react/index"' can only be default-imported using the 'esModuleInterop' flag
src/app/ems/academic-manager/materials/page.tsx(5,17): error TS2307: Cannot find module '@/lib/api' or its corresponding type declarations.
src/app/ems/academic-manager/materials/page.tsx(26,24): error TS2307: Cannot find module '@/components/ui/button' or its corresponding type declarations.
src/app/ems/academic-manager/materials/page.tsx(27,35): error TS2307: Cannot find module '@/components/ui/card' or its corresponding type declarations.
src/app/ems/academic-manager/materials/page.tsx(28,23): error TS2307: Cannot find module '@/components/ui/input' or its corresponding type declarations.
src/app/ems/academic-manager/materials/page.tsx(29,23): error TS2307: Cannot find module '@/components/ui/label' or its corresponding type declarations.
src/app/ems/academic-manager/materials/page.tsx(30,26): error TS2307: Cannot find module '@/components/ui/textarea' or its corresponding type declarations.
src/app/ems/academic-manager/materials/page.tsx(31,42): error TS2307: Cannot find module '@/components/ems/dashboard/academic-manager-top-navbar' or its corresponding type declarations.
src/app/ems/academic-manager/materials/page.tsx(32,42): error TS2307: Cannot find module '@/components/ems/dashboard/academic-manager-bottom-nav' or its corresponding type declarations.
src/app/ems/academic-manager/materials/page.tsx(283,36): error TS17004: Cannot use JSX unless the '--jsx' flag is provided.
src/app/ems/academic-manager/materials/page.tsx(284,38): error TS17004: Cannot use JSX unless the '--jsx' flag is provided.
src/app/ems/academic-manager/materials/page.tsx(285,38): error TS17004: Cannot use JSX unless the '--jsx' flag is provided.
src/app/ems/academic-manager/materials/page.tsx(286,40): error TS17004: Cannot use JSX unless the '--jsx' flag is provided.
src/app/ems/academic-manager/materials/page.tsx(287,16): error TS17004: Cannot use JSX unless the '--jsx' flag is provided.
src/app/ems/academic-manager/materials/page.tsx(291,9): error TS17004: Cannot use JSX unless the '--jsx' flag is provided.
src/app/ems/academic-manager/materials/page.tsx(292,13): error TS17004: Cannot use JSX unless the '--jsx' flag is provided.
src/app/ems/academic-manager/materials/page.tsx(294,13): error TS17004: Cannot use JSX unless the '--jsx' flag is provided.
src/app/ems/academic-manager/materials/page.tsx(295,17): error TS17004: Cannot use JSX unless the '--jsx' flag is provided.
src/app/ems/academic-manager/materials/page.tsx(296,21): error TS17004: Cannot use JSX unless the '--jsx' flag is provided.
src/app/ems/academic-manager/materials/page.tsx(297,25): error TS17004: Cannot use JSX unless the '--jsx' flag is provided.
src/app/ems/academic-manager/materials/page.tsx(298,29): error TS17004: Cannot use JSX unless the '--jsx' flag is provided.
src/app/ems/academic-manager/materials/page.tsx(299,33): error TS17004: Cannot use JSX unless the '--jsx' flag is provided.
src/app/ems/academic-manager/materials/page.tsx(303,25): error TS17004: Cannot use JSX unless the '--jsx' flag is provided.
src/app/ems/academic-manager/materials/page.tsx(306,25): error TS17004: Cannot use JSX unless the '--jsx' flag is provided.
src/app/ems/academic-manager/materials/page.tsx(310,21): error TS17004: Cannot use JSX unless the '--jsx' flag is provided.
src/app/ems/academic-manager/materials/page.tsx(326,25): error TS17004: Cannot use JSX unless the '--jsx' flag is provided.
src/app/ems/academic-manager/materials/page.tsx(331,17): error TS17004: Cannot use JSX unless the '--jsx' flag is provided.
src/app/ems/academic-manager/materials/page.tsx(332,21): error TS17004: Cannot use JSX unless the '--jsx' flag is provided.
src/app/ems/academic-manager/materials/page.tsx(333,25): error TS17004: Cannot use JSX unless the '--jsx' flag is provided.
src/app/ems/academic-manager/materials/page.tsx(334,29): error TS17004: Cannot use JSX unless the '--jsx' flag is provided.
src/app/ems/academic-manager/materials/page.tsx(335,29): error TS17004: Cannot use JSX unless the '--jsx' flag is provided.
src/app/ems/academic-manager/materials/page.tsx(346,17): error TS17004: Cannot use JSX unless the '--jsx' flag is provided.
src/app/ems/academic-manager/materials/page.tsx(347,21): error TS17004: Cannot use JSX unless the '--jsx' flag is provided.
src/app/ems/academic-manager/materials/page.tsx(354,21): error TS17004: Cannot use JSX unless the '--jsx' flag is provided.
src/app/ems/academic-manager/materials/page.tsx(364,21): error TS17004: Cannot use JSX unless the '--jsx' flag is provided.
src/app/ems/academic-manager/materials/page.tsx(365,25): error TS17004: Cannot use JSX unless the '--jsx' flag is provided.
src/app/ems/academic-manager/materials/page.tsx(366,25): error TS17004: Cannot use JSX unless the '--jsx' flag is provided.
src/app/ems/academic-manager/materials/page.tsx(369,21): error TS17004: Cannot use JSX unless the '--jsx' flag is provided.
src/app/ems/academic-manager/materials/page.tsx(370,25): error TS17004: Cannot use JSX unless the '--jsx' flag is provided.
src/app/ems/academic-manager/materials/page.tsx(371,29): error TS17004: Cannot use JSX unless the '--jsx' flag is provided.
src/app/ems/academic-manager/materials/page.tsx(372,33): error TS17004: Cannot use JSX unless the '--jsx' flag is provided.
src/app/ems/academic-manager/materials/page.tsx(374,29): error TS17004: Cannot use JSX unless the '--jsx' flag is provided.
src/app/ems/academic-manager/materials/page.tsx(375,29): error TS17004: Cannot use JSX unless the '--jsx' flag is provided.
src/app/ems/academic-manager/materials/page.tsx(381,21): error TS17004: Cannot use JSX unless the '--jsx' flag is provided.
src/app/ems/academic-manager/materials/page.tsx(389,37): error TS17004: Cannot use JSX unless the '--jsx' flag is provided.
src/app/ems/academic-manager/materials/page.tsx(395,41): error TS17004: Cannot use JSX unless the '--jsx' flag is provided.
src/app/ems/academic-manager/materials/page.tsx(396,45): error TS17004: Cannot use JSX unless the '--jsx' flag is provided.
src/app/ems/academic-manager/materials/page.tsx(397,49): error TS17004: Cannot use JSX unless the '--jsx' flag is provided.
src/app/ems/academic-manager/materials/page.tsx(398,53): error TS17004: Cannot use JSX unless the '--jsx' flag is provided.
src/app/ems/academic-manager/materials/page.tsx(399,57): error TS17004: Cannot use JSX unless the '--jsx' flag is provided.
src/app/ems/academic-manager/materials/page.tsx(402,57): error TS17004: Cannot use JSX unless the '--jsx' flag is provided.
src/app/ems/academic-manager/materials/page.tsx(403,61): error TS17004: Cannot use JSX unless the '--jsx' flag is provided.
src/app/ems/academic-manager/materials/page.tsx(406,61): error TS17004: Cannot use JSX unless the '--jsx' flag is provided.
src/app/ems/academic-manager/materials/page.tsx(416,53): error TS17004: Cannot use JSX unless the '--jsx' flag is provided.
src/app/ems/academic-manager/materials/page.tsx(420,53): error TS17004: Cannot use JSX unless the '--jsx' flag is provided.
src/app/ems/academic-manager/materials/page.tsx(421,57): error TS17004: Cannot use JSX unless the '--jsx' flag is provided.
src/app/ems/academic-manager/materials/page.tsx(422,57): error TS17004: Cannot use JSX unless the '--jsx' flag is provided.
src/app/ems/academic-manager/materials/page.tsx(423,57): error TS17004: Cannot use JSX unless the '--jsx' flag is provided.
src/app/ems/academic-manager/materials/page.tsx(426,53): error TS17004: Cannot use JSX unless the '--jsx' flag is provided.
src/app/ems/academic-manager/materials/page.tsx(430,53): error TS17004: Cannot use JSX unless the '--jsx' flag is provided.
src/app/ems/academic-manager/materials/page.tsx(431,57): error TS17004: Cannot use JSX unless the '--jsx' flag is provided.
src/app/ems/academic-manager/materials/page.tsx(439,61): error TS17004: Cannot use JSX unless the '--jsx' flag is provided.
src/app/ems/academic-manager/materials/page.tsx(442,57): error TS17004: Cannot use JSX unless the '--jsx' flag is provided.
src/app/ems/academic-manager/materials/page.tsx(448,61): error TS17004: Cannot use JSX unless the '--jsx' flag is provided.
src/app/ems/academic-manager/materials/page.tsx(451,57): error TS17004: Cannot use JSX unless the '--jsx' flag is provided.
src/app/ems/academic-manager/materials/page.tsx(457,61): error TS17004: Cannot use JSX unless the '--jsx' flag is provided.
src/app/ems/academic-manager/materials/page.tsx(471,13): error TS17004: Cannot use JSX unless the '--jsx' flag is provided.
src/app/ems/academic-manager/materials/page.tsx(473,21): error TS17004: Cannot use JSX unless the '--jsx' flag is provided.
src/app/ems/academic-manager/materials/page.tsx(480,25): error TS17004: Cannot use JSX unless the '--jsx' flag is provided.
src/app/ems/academic-manager/materials/page.tsx(481,29): error TS17004: Cannot use JSX unless the '--jsx' flag is provided.
src/app/ems/academic-manager/materials/page.tsx(482,33): error TS17004: Cannot use JSX unless the '--jsx' flag is provided.
src/app/ems/academic-manager/materials/page.tsx(488,37): error TS17004: Cannot use JSX unless the '--jsx' flag is provided.
src/app/ems/academic-manager/materials/page.tsx(490,33): error TS17004: Cannot use JSX unless the '--jsx' flag is provided.
src/app/ems/academic-manager/materials/page.tsx(491,37): error TS17004: Cannot use JSX unless the '--jsx' flag is provided.
src/app/ems/academic-manager/materials/page.tsx(492,37): error TS17004: Cannot use JSX unless the '--jsx' flag is provided.
src/app/ems/academic-manager/materials/page.tsx(498,29): error TS17004: Cannot use JSX unless the '--jsx' flag is provided.
src/app/ems/academic-manager/materials/page.tsx(499,33): error TS17004: Cannot use JSX unless the '--jsx' flag is provided.
src/app/ems/academic-manager/materials/page.tsx(504,37): error TS17004: Cannot use JSX unless the '--jsx' flag is provided.
src/app/ems/academic-manager/materials/page.tsx(506,33): error TS17004: Cannot use JSX unless the '--jsx' flag is provided.
src/app/ems/academic-manager/materials/page.tsx(510,37): error TS17004: Cannot use JSX unless the '--jsx' flag is provided.
src/app/ems/academic-manager/materials/page.tsx(516,25): error TS17004: Cannot use JSX unless the '--jsx' flag is provided.
src/app/ems/academic-manager/materials/page.tsx(518,29): error TS17004: Cannot use JSX unless the '--jsx' flag is provided.
src/app/ems/academic-manager/materials/page.tsx(519,33): error TS17004: Cannot use JSX unless the '--jsx' flag is provided.
src/app/ems/academic-manager/materials/page.tsx(520,37): error TS17004: Cannot use JSX unless the '--jsx' flag is provided.
src/app/ems/academic-manager/materials/page.tsx(521,41): error TS17004: Cannot use JSX unless the '--jsx' flag is provided.
src/app/ems/academic-manager/materials/page.tsx(522,41): error TS17004: Cannot use JSX unless the '--jsx' flag is provided.
src/app/ems/academic-manager/materials/page.tsx(528,41): error TS17004: Cannot use JSX unless the '--jsx' flag is provided.
src/app/ems/academic-manager/materials/page.tsx(529,45): error TS17004: Cannot use JSX unless the '--jsx' flag is provided.
src/app/ems/academic-manager/materials/page.tsx(530,45): error TS17004: Cannot use JSX unless the '--jsx' flag is provided.
src/app/ems/academic-manager/materials/page.tsx(532,53): error TS17004: Cannot use JSX unless the '--jsx' flag is provided.
src/app/ems/academic-manager/materials/page.tsx(540,57): error TS17004: Cannot use JSX unless the '--jsx' flag is provided.
src/app/ems/academic-manager/materials/page.tsx(544,57): error TS17004: Cannot use JSX unless the '--jsx' flag is provided.
src/app/ems/academic-manager/materials/page.tsx(553,37): error TS17004: Cannot use JSX unless the '--jsx' flag is provided.
src/app/ems/academic-manager/materials/page.tsx(554,41): error TS17004: Cannot use JSX unless the '--jsx' flag is provided.
src/app/ems/academic-manager/materials/page.tsx(555,45): error TS17004: Cannot use JSX unless the '--jsx' flag is provided.
src/app/ems/academic-manager/materials/page.tsx(556,49): error TS17004: Cannot use JSX unless the '--jsx' flag is provided.
src/app/ems/academic-manager/materials/page.tsx(558,45): error TS17004: Cannot use JSX unless the '--jsx' flag is provided.
src/app/ems/academic-manager/materials/page.tsx(560,41): error TS17004: Cannot use JSX unless the '--jsx' flag is provided.
src/app/ems/academic-manager/materials/page.tsx(570,29): error TS17004: Cannot use JSX unless the '--jsx' flag is provided.
src/app/ems/academic-manager/materials/page.tsx(571,33): error TS17004: Cannot use JSX unless the '--jsx' flag is provided.
src/app/ems/academic-manager/materials/page.tsx(573,41): error TS17004: Cannot use JSX unless the '--jsx' flag is provided.
src/app/ems/academic-manager/materials/page.tsx(578,41): error TS17004: Cannot use JSX unless the '--jsx' flag is provided.
src/app/ems/academic-manager/materials/page.tsx(579,45): error TS17004: Cannot use JSX unless the '--jsx' flag is provided.
src/app/ems/academic-manager/materials/page.tsx(582,41): error TS17004: Cannot use JSX unless the '--jsx' flag is provided.
src/app/ems/academic-manager/materials/page.tsx(583,45): error TS17004: Cannot use JSX unless the '--jsx' flag is provided.
src/app/ems/academic-manager/materials/page.tsx(586,41): error TS17004: Cannot use JSX unless the '--jsx' flag is provided.
src/app/ems/academic-manager/materials/page.tsx(588,49): error TS17004: Cannot use JSX unless the '--jsx' flag is provided.
src/app/ems/academic-manager/materials/page.tsx(589,53): error TS17004: Cannot use JSX unless the '--jsx' flag is provided.
src/app/ems/academic-manager/materials/page.tsx(590,57): error TS17004: Cannot use JSX unless the '--jsx' flag is provided.
src/app/ems/academic-manager/materials/page.tsx(592,53): error TS17004: Cannot use JSX unless the '--jsx' flag is provided.
src/app/ems/academic-manager/materials/page.tsx(593,53): error TS17004: Cannot use JSX unless the '--jsx' flag is provided.
src/app/ems/academic-manager/materials/page.tsx(596,53): error TS17004: Cannot use JSX unless the '--jsx' flag is provided.
src/app/ems/academic-manager/materials/page.tsx(601,49): error TS17004: Cannot use JSX unless the '--jsx' flag is provided.
src/app/ems/academic-manager/materials/page.tsx(605,41): error TS17004: Cannot use JSX unless the '--jsx' flag is provided.
src/app/ems/academic-manager/materials/page.tsx(609,53): error TS17004: Cannot use JSX unless the '--jsx' flag is provided.
src/app/ems/academic-manager/materials/page.tsx(610,57): error TS17004: Cannot use JSX unless the '--jsx' flag is provided.
src/app/ems/academic-manager/materials/page.tsx(611,61): error TS17004: Cannot use JSX unless the '--jsx' flag is provided.
src/app/ems/academic-manager/materials/page.tsx(613,57): error TS17004: Cannot use JSX unless the '--jsx' flag is provided.
src/app/ems/academic-manager/materials/page.tsx(614,57): error TS17004: Cannot use JSX unless the '--jsx' flag is provided.
src/app/ems/academic-manager/materials/page.tsx(619,53): error TS17004: Cannot use JSX unless the '--jsx' flag is provided.
src/app/ems/academic-manager/materials/page.tsx(620,57): error TS17004: Cannot use JSX unless the '--jsx' flag is provided.
src/app/ems/academic-manager/materials/page.tsx(621,61): error TS17004: Cannot use JSX unless the '--jsx' flag is provided.
src/app/ems/academic-manager/materials/page.tsx(624,61): error TS17004: Cannot use JSX unless the '--jsx' flag is provided.
src/app/ems/academic-manager/materials/page.tsx(628,61): error TS17004: Cannot use JSX unless the '--jsx' flag is provided.
src/app/ems/academic-manager/materials/page.tsx(629,65): error TS17004: Cannot use JSX unless the '--jsx' flag is provided.
src/app/ems/academic-manager/materials/page.tsx(633,57): error TS17004: Cannot use JSX unless the '--jsx' flag is provided.
src/app/ems/academic-manager/materials/page.tsx(634,61): error TS17004: Cannot use JSX unless the '--jsx' flag is provided.
src/app/ems/academic-manager/materials/page.tsx(640,61): error TS17004: Cannot use JSX unless the '--jsx' flag is provided.
src/app/ems/academic-manager/materials/page.tsx(641,65): error TS17004: Cannot use JSX unless the '--jsx' flag is provided.
src/app/ems/academic-manager/materials/page.tsx(646,61): error TS17004: Cannot use JSX unless the '--jsx' flag is provided.
src/app/ems/academic-manager/materials/page.tsx(647,65): error TS17004: Cannot use JSX unless the '--jsx' flag is provided.
src/app/ems/academic-manager/materials/page.tsx(648,69): error TS17004: Cannot use JSX unless the '--jsx' flag is provided.
src/app/ems/academic-manager/materials/page.tsx(650,65): error TS17004: Cannot use JSX unless the '--jsx' flag is provided.
src/app/ems/academic-manager/materials/page.tsx(651,69): error TS17004: Cannot use JSX unless the '--jsx' flag is provided.
src/app/ems/academic-manager/materials/page.tsx(652,69): error TS17004: Cannot use JSX unless the '--jsx' flag is provided.
src/app/ems/academic-manager/materials/page.tsx(653,69): error TS17004: Cannot use JSX unless the '--jsx' flag is provided.
src/app/ems/academic-manager/materials/page.tsx(654,84): error TS17004: Cannot use JSX unless the '--jsx' flag is provided.
src/app/ems/academic-manager/materials/page.tsx(664,41): error TS17004: Cannot use JSX unless the '--jsx' flag is provided.
src/app/ems/academic-manager/materials/page.tsx(665,45): error TS17004: Cannot use JSX unless the '--jsx' flag is provided.
src/app/ems/academic-manager/materials/page.tsx(666,49): error TS17004: Cannot use JSX unless the '--jsx' flag is provided.
src/app/ems/academic-manager/materials/page.tsx(668,45): error TS17004: Cannot use JSX unless the '--jsx' flag is provided.
src/app/ems/academic-manager/materials/page.tsx(669,45): error TS17004: Cannot use JSX unless the '--jsx' flag is provided.
src/app/ems/academic-manager/materials/page.tsx(672,45): error TS17004: Cannot use JSX unless the '--jsx' flag is provided.
src/app/ems/academic-manager/materials/page.tsx(676,49): error TS17004: Cannot use JSX unless the '--jsx' flag is provided.
src/app/ems/academic-manager/materials/page.tsx(687,13): error TS17004: Cannot use JSX unless the '--jsx' flag is provided.
src/app/ems/academic-manager/materials/page.tsx(689,21): error TS17004: Cannot use JSX unless the '--jsx' flag is provided.
src/app/ems/academic-manager/materials/page.tsx(696,25): error TS17004: Cannot use JSX unless the '--jsx' flag is provided.
src/app/ems/academic-manager/materials/page.tsx(703,29): error TS17004: Cannot use JSX unless the '--jsx' flag is provided.
src/app/ems/academic-manager/materials/page.tsx(704,33): error TS17004: Cannot use JSX unless the '--jsx' flag is provided.
src/app/ems/academic-manager/materials/page.tsx(705,37): error TS17004: Cannot use JSX unless the '--jsx' flag is provided.
src/app/ems/academic-manager/materials/page.tsx(708,37): error TS17004: Cannot use JSX unless the '--jsx' flag is provided.
src/app/ems/academic-manager/materials/page.tsx(712,33): error TS17004: Cannot use JSX unless the '--jsx' flag is provided.
src/app/ems/academic-manager/materials/page.tsx(718,37): error TS17004: Cannot use JSX unless the '--jsx' flag is provided.
src/app/ems/academic-manager/materials/page.tsx(722,29): error TS17004: Cannot use JSX unless the '--jsx' flag is provided.
src/app/ems/academic-manager/materials/page.tsx(724,33): error TS17004: Cannot use JSX unless the '--jsx' flag is provided.
src/app/ems/academic-manager/materials/page.tsx(725,37): error TS17004: Cannot use JSX unless the '--jsx' flag is provided.
src/app/ems/academic-manager/materials/page.tsx(726,41): error TS17004: Cannot use JSX unless the '--jsx' flag is provided.
src/app/ems/academic-manager/materials/page.tsx(727,41): error TS17004: Cannot use JSX unless the '--jsx' flag is provided.
src/app/ems/academic-manager/materials/page.tsx(728,45): error TS17004: Cannot use JSX unless the '--jsx' flag is provided.
src/app/ems/academic-manager/materials/page.tsx(735,45): error TS17004: Cannot use JSX unless the '--jsx' flag is provided.
src/app/ems/academic-manager/materials/page.tsx(747,33): error TS17004: Cannot use JSX unless the '--jsx' flag is provided.
src/app/ems/academic-manager/materials/page.tsx(748,37): error TS17004: Cannot use JSX unless the '--jsx' flag is provided.
src/app/ems/academic-manager/materials/page.tsx(749,37): error TS17004: Cannot use JSX unless the '--jsx' flag is provided.
src/app/ems/academic-manager/materials/page.tsx(750,41): error TS17004: Cannot use JSX unless the '--jsx' flag is provided.
src/app/ems/academic-manager/materials/page.tsx(760,41): error TS17004: Cannot use JSX unless the '--jsx' flag is provided.
src/app/ems/academic-manager/materials/page.tsx(770,41): error TS17004: Cannot use JSX unless the '--jsx' flag is provided.
src/app/ems/academic-manager/materials/page.tsx(781,37): error TS17004: Cannot use JSX unless the '--jsx' flag is provided.
src/app/ems/academic-manager/materials/page.tsx(788,33): error TS17004: Cannot use JSX unless the '--jsx' flag is provided.
src/app/ems/academic-manager/materials/page.tsx(789,37): error TS17004: Cannot use JSX unless the '--jsx' flag is provided.
src/app/ems/academic-manager/materials/page.tsx(790,41): error TS17004: Cannot use JSX unless the '--jsx' flag is provided.
src/app/ems/academic-manager/materials/page.tsx(791,41): error TS17004: Cannot use JSX unless the '--jsx' flag is provided.
src/app/ems/academic-manager/materials/page.tsx(801,37): error TS17004: Cannot use JSX unless the '--jsx' flag is provided.
src/app/ems/academic-manager/materials/page.tsx(802,41): error TS17004: Cannot use JSX unless the '--jsx' flag is provided.
src/app/ems/academic-manager/materials/page.tsx(803,41): error TS17004: Cannot use JSX unless the '--jsx' flag is provided.
src/app/ems/academic-manager/materials/page.tsx(813,45): error TS17004: Cannot use JSX unless the '--jsx' flag is provided.
src/app/ems/academic-manager/materials/page.tsx(815,49): error TS17004: Cannot use JSX unless the '--jsx' flag is provided.
src/app/ems/academic-manager/materials/page.tsx(825,37): error TS17004: Cannot use JSX unless the '--jsx' flag is provided.
src/app/ems/academic-manager/materials/page.tsx(826,41): error TS17004: Cannot use JSX unless the '--jsx' flag is provided.
src/app/ems/academic-manager/materials/page.tsx(829,41): error TS17004: Cannot use JSX unless the '--jsx' flag is provided.
src/app/ems/academic-manager/materials/page.tsx(834,45): error TS17004: Cannot use JSX unless the '--jsx' flag is provided.
src/app/ems/academic-manager/materials/page.tsx(836,49): error TS17004: Cannot use JSX unless the '--jsx' flag is provided.
src/app/ems/academic-manager/materials/page.tsx(841,41): error TS17004: Cannot use JSX unless the '--jsx' flag is provided.
src/app/ems/academic-manager/materials/page.tsx(847,33): error TS17004: Cannot use JSX unless the '--jsx' flag is provided.
src/app/ems/academic-manager/materials/page.tsx(848,37): error TS17004: Cannot use JSX unless the '--jsx' flag is provided.
src/app/ems/academic-manager/materials/page.tsx(849,37): error TS17004: Cannot use JSX unless the '--jsx' flag is provided.
src/app/ems/academic-manager/materials/page.tsx(859,33): error TS17004: Cannot use JSX unless the '--jsx' flag is provided.
src/app/ems/academic-manager/materials/page.tsx(861,41): error TS17004: Cannot use JSX unless the '--jsx' flag is provided.
src/app/ems/academic-manager/materials/page.tsx(862,45): error TS17004: Cannot use JSX unless the '--jsx' flag is provided.
src/app/ems/academic-manager/materials/page.tsx(867,49): error TS17004: Cannot use JSX unless the '--jsx' flag is provided.
src/app/ems/academic-manager/materials/page.tsx(868,53): error TS17004: Cannot use JSX unless the '--jsx' flag is provided.
src/app/ems/academic-manager/materials/page.tsx(870,57): error TS17004: Cannot use JSX unless the '--jsx' flag is provided.
src/app/ems/academic-manager/materials/page.tsx(872,53): error TS17004: Cannot use JSX unless the '--jsx' flag is provided.
src/app/ems/academic-manager/materials/page.tsx(875,53): error TS17004: Cannot use JSX unless the '--jsx' flag is provided.
src/app/ems/academic-manager/materials/page.tsx(879,49): error TS17004: Cannot use JSX unless the '--jsx' flag is provided.
src/app/ems/academic-manager/materials/page.tsx(888,41): error TS17004: Cannot use JSX unless the '--jsx' flag is provided.
src/app/ems/academic-manager/materials/page.tsx(889,45): error TS17004: Cannot use JSX unless the '--jsx' flag is provided.
src/app/ems/academic-manager/materials/page.tsx(890,49): error TS17004: Cannot use JSX unless the '--jsx' flag is provided.
src/app/ems/academic-manager/materials/page.tsx(891,49): error TS17004: Cannot use JSX unless the '--jsx' flag is provided.
src/app/ems/academic-manager/materials/page.tsx(892,53): error TS17004: Cannot use JSX unless the '--jsx' flag is provided.
src/app/ems/academic-manager/materials/page.tsx(909,53): error TS17004: Cannot use JSX unless the '--jsx' flag is provided.
src/app/ems/academic-manager/materials/page.tsx(928,45): error TS17004: Cannot use JSX unless the '--jsx' flag is provided.
src/app/ems/academic-manager/materials/page.tsx(930,53): error TS17004: Cannot use JSX unless the '--jsx' flag is provided.
src/app/ems/academic-manager/materials/page.tsx(931,57): error TS17004: Cannot use JSX unless the '--jsx' flag is provided.
src/app/ems/academic-manager/materials/page.tsx(932,61): error TS17004: Cannot use JSX unless the '--jsx' flag is provided.
src/app/ems/academic-manager/materials/page.tsx(942,61): error TS17004: Cannot use JSX unless the '--jsx' flag is provided.
src/app/ems/academic-manager/materials/page.tsx(953,65): error TS17004: Cannot use JSX unless the '--jsx' flag is provided.
src/app/ems/academic-manager/materials/page.tsx(962,69): error TS17004: Cannot use JSX unless the '--jsx' flag is provided.
src/app/ems/academic-manager/materials/page.tsx(966,57): error TS17004: Cannot use JSX unless the '--jsx' flag is provided.
src/app/ems/academic-manager/materials/page.tsx(976,57): error TS17004: Cannot use JSX unless the '--jsx' flag is provided.
src/app/ems/academic-manager/materials/page.tsx(977,61): error TS17004: Cannot use JSX unless the '--jsx' flag is provided.
src/app/ems/academic-manager/materials/page.tsx(978,65): error TS17004: Cannot use JSX unless the '--jsx' flag is provided.
src/app/ems/academic-manager/materials/page.tsx(979,65): error TS17004: Cannot use JSX unless the '--jsx' flag is provided.
src/app/ems/academic-manager/materials/page.tsx(990,61): error TS17004: Cannot use JSX unless the '--jsx' flag is provided.
src/app/ems/academic-manager/materials/page.tsx(991,65): error TS17004: Cannot use JSX unless the '--jsx' flag is provided.
src/app/ems/academic-manager/materials/page.tsx(992,65): error TS17004: Cannot use JSX unless the '--jsx' flag is provided.
src/app/ems/academic-manager/materials/page.tsx(1003,61): error TS17004: Cannot use JSX unless the '--jsx' flag is provided.
src/app/ems/academic-manager/materials/page.tsx(1004,65): error TS17004: Cannot use JSX unless the '--jsx' flag is provided.
src/app/ems/academic-manager/materials/page.tsx(1005,65): error TS17004: Cannot use JSX unless the '--jsx' flag is provided.
src/app/ems/academic-manager/materials/page.tsx(1020,45): error TS17004: Cannot use JSX unless the '--jsx' flag is provided.
src/app/ems/academic-manager/materials/page.tsx(1027,33): error TS17004: Cannot use JSX unless the '--jsx' flag is provided.
src/app/ems/academic-manager/materials/page.tsx(1028,37): error TS17004: Cannot use JSX unless the '--jsx' flag is provided.
src/app/ems/academic-manager/materials/page.tsx(1037,37): error TS17004: Cannot use JSX unless the '--jsx' flag is provided.
src/app/ems/academic-manager/materials/page.tsx(1043,45): error TS17004: Cannot use JSX unless the '--jsx' flag is provided.
src/app/ems/academic-manager/materials/page.tsx(1044,49): error TS17004: Cannot use JSX unless the '--jsx' flag is provided.
src/app/ems/academic-manager/materials/page.tsx(1045,49): error TS17004: Cannot use JSX unless the '--jsx' flag is provided.
src/app/ems/academic-manager/materials/page.tsx(1056,13): error TS17004: Cannot use JSX unless the '--jsx' flag is provided.
